// Jest Snapshot v1, https://goo.gl/fbAQLP

exports[`Render CSBasics section 1`] = `
<div
  className="CSBasics"
  id="CSBasics"
/>
`;
