// Jest Snapshot v1, https://goo.gl/fbAQLP

exports[`Render Math section 1`] = `
<div
  className="Math"
  id="Math"
/>
`;
