// Jest Snapshot v1, https://goo.gl/fbAQLP

exports[`Render Programming section 1`] = `
<div
  className="Programming"
  id="Programming"
/>
`;
