// Jest Snapshot v1, https://goo.gl/fbAQLP

exports[`Render Systems section 1`] = `
<div
  className="Systems"
  id="Systems"
/>
`;
