// Jest Snapshot v1, https://goo.gl/fbAQLP

exports[`Render Unix section 1`] = `
<div
  className="Unix"
  id="Unix"
/>
`;
