// Jest Snapshot v1, https://goo.gl/fbAQLP

exports[`Render Default page 1`] = `
<div
  id="Default"
>
  <section
    className="Default__header"
  >
    <h2>
      Redux
    </h2>
    <h2>
      Boilerplate.
    </h2>
    <h4>
      By Robby Bergers
    </h4>
  </section>
  <section
    className="Default__content"
  >
    <article
      className="Default__links"
    >
      <a
        className="Default__link"
        href="https://github.com/RobbyB97/JavascriptReactBoilerplate"
      >
        View on GitHub
      </a>
      <a
        className="Default__link"
        href="https://paypal.me/robbybobby123"
      >
        Donate
      </a>
    </article>
    <p
      className="Default__tagline"
    >
      A better create-react-app.
    </p>
    <article>
      <p>
        Looking to create a React app? Hit the ground running with redux, sass, source mapping, webpack, node, express, and jest unit testing. This template also comes with a page loader built in, wildcard route, responsive navigation UI and an easily changeable color scheme.
      </p>
    </article>
    <article
      className="Default__donate"
    >
      <p>
        Creating software such as this boilerplate takes a lot of time, effort, attention to detail, and the occasional excellent anger management. If you found this boilerplate helpful, please consider 
        <a
          href="https://paypal.me/robbybobby123"
        >
          donating
        </a>
        .
      </p>
    </article>
  </section>
</div>
`;
