// Jest Snapshot v1, https://goo.gl/fbAQLP

exports[`Render Wildcard page 1`] = `
<div
  id="Wildcard"
/>
`;
