// Jest Snapshot v1, https://goo.gl/fbAQLP

exports[`Render Footer component 1`] = `
<footer
  id="Footer"
/>
`;
