// Jest Snapshot v1, https://goo.gl/fbAQLP

exports[`Render Header component 1`] = `
<header
  id="Header"
>
  <Navigation />
</header>
`;
